// Vitest Snapshot v1, https://vitest.dev/guide/snapshot.html

exports[`CollectionView > snapshots > should match snapshot with collections 1`] = `
<div>
  <div
    class="collectionList"
  >
    <h2
      class="collectionList__title"
    >
      Your Collections
    </h2>
    <p
      class="collectionList__subtitle"
    >
      Select a collection to view its items
    </p>
    <div
      class="collectionList__grid"
    >
      <button
        class="collectionList__card"
      >
        <button
          class="publish-btn collectionList__publish-btn"
          type="button"
        >
          <svg
            aria-hidden="true"
            viewBox="0 0 24 24"
          >
            <path
              d="M12 4l-1.41 1.41L16.17 11H4v2h12.17l-5.58 5.59L12 20l8-8z"
              transform="rotate(-90 12 12)"
            />
          </svg>
          Publish
        </button>
        <div
          class="collectionList__content"
        >
          <h3
            class="collectionList__name"
          >
            Collection One
          </h3>
          <p
            class="collectionList__description"
          >
            First collection
          </p>
        </div>
      </button>
      <button
        class="collectionList__card"
      >
        <button
          class="publish-btn collectionList__publish-btn"
          type="button"
        >
          <svg
            aria-hidden="true"
            viewBox="0 0 24 24"
          >
            <path
              d="M12 4l-1.41 1.41L16.17 11H4v2h12.17l-5.58 5.59L12 20l8-8z"
              transform="rotate(-90 12 12)"
            />
          </svg>
          Publish
        </button>
        <div
          class="collectionList__content"
        >
          <h3
            class="collectionList__name"
          >
            Collection Two
          </h3>
          <p
            class="collectionList__description"
          >
            Second collection
          </p>
        </div>
      </button>
    </div>
  </div>
</div>
`;
