// Vitest Snapshot v1, https://vitest.dev/guide/snapshot.html

exports[`CollectionView > snapshots > should match snapshot with collections 1`] = `
<div>
  <div
    class="collectionList"
  >
    <h2
      class="collectionList__title"
    >
      Your Collections
    </h2>
    <p
      class="collectionList__subtitle"
    >
      Select a collection to view its items
    </p>
    <div
      class="collectionList__grid"
    >
      <div
        class="collectionList__card"
        role="button"
        tabindex="0"
      >
        <div
          class="collectionList__content"
        >
          <h3
            class="collectionList__name"
          >
            Collection One
          </h3>
          <p
            class="collectionList__description"
          >
            First collection
          </p>
        </div>
      </div>
      <div
        class="collectionList__card"
        role="button"
        tabindex="0"
      >
        <div
          class="collectionList__content"
        >
          <h3
            class="collectionList__name"
          >
            Collection Two
          </h3>
          <p
            class="collectionList__description"
          >
            Second collection
          </p>
        </div>
      </div>
    </div>
  </div>
</div>
`;
