// Vitest Snapshot v1, https://vitest.dev/guide/snapshot.html

exports[`CollectionView > snapshots > should match snapshot with collections 1`] = `
<div>
  <div
    class="collectionList"
  >
    <h2
      class="collectionList__title"
    >
      Your Collections
    </h2>
    <p
      class="collectionList__subtitle"
    >
      Select a collection to view its items
    </p>
    <div
      class="collectionList__grid"
    >
      <button
        class="collectionList__card"
        type="button"
      >
        <span
          class="collectionList__content"
        >
          <span
            class="collectionList__name"
          >
            Collection One
          </span>
          <span
            class="collectionList__description"
          >
            First collection
          </span>
        </span>
      </button>
      <button
        class="collectionList__card"
        type="button"
      >
        <span
          class="collectionList__content"
        >
          <span
            class="collectionList__name"
          >
            Collection Two
          </span>
          <span
            class="collectionList__description"
          >
            Second collection
          </span>
        </span>
      </button>
    </div>
  </div>
</div>
`;
