// Vitest Snapshot v1, https://vitest.dev/guide/snapshot.html

exports[`ItemView > snapshots > should match snapshot for existing item 1`] = `
<div>
  <div
    class="app__layout"
  >
    <nav
      aria-label="Category navigation"
      class="app__sidebar"
    >
      <aside
        class="categoryNav"
      >
        <div
          class="categoryNav__header"
        >
          <h2
            class="categoryNav__headerTitle"
          >
            Categories
          </h2>
          <div
            class="categoryNav__headerActions"
          >
            <button
              aria-label="Add category"
              class="categoryNav__addBtn"
              type="button"
            >
              +
            </button>
          </div>
        </div>
        <nav
          aria-label="Category breadcrumb"
          class="categoryNav__breadcrumb"
        >
          <button
            aria-label="Navigate to All"
            class="categoryNav__breadcrumb-link"
            type="button"
          >
            All
          </button>
          <span
            aria-hidden="true"
            class="categoryNav__breadcrumb-sep"
          >
            ›
          </span>
          <span
            class="categoryNav__breadcrumb-current"
          >
            Root Category
          </span>
        </nav>
        <div
          class="categoryNav__list"
        >
          <button
            aria-label="Go back"
            class="categoryNav__back"
            type="button"
          >
            ← Back
          </button>
          <div
            class="categoryNav__row categoryNav__row--active"
            role="button"
            tabindex="0"
          >
            <span
              aria-hidden="true"
              class="categoryNav__dot"
              style="background-color: rgb(199, 125, 74);"
            />
            <div
              class="categoryNav__rowContent"
            >
              <span
                class="categoryNav__name"
              >
                All 
                Root Category
              </span>
            </div>
          </div>
        </div>
        <dialog
          class="modal-dialog"
        >
          <div
            class="modal"
          >
            <div
              class="modal__header"
            >
              <h2
                class="modal__title"
              >
                Add Category
              </h2>
              <button
                aria-label="Close"
                class="modal__close"
                type="button"
              >
                ×
              </button>
            </div>
            <form
              class="modal__body"
            >
              <div
                class="modal__field"
              >
                <label
                  class="modal__label"
                  for="category-name"
                >
                  Name 
                  <span
                    class="modal__required"
                  >
                    *
                  </span>
                </label>
                <input
                  class="modal__input"
                  id="category-name"
                  placeholder="Category name"
                  required=""
                  type="text"
                  value=""
                />
              </div>
              <div
                class="modal__field"
              >
                <label
                  class="modal__label"
                  for="category-description"
                >
                  Description
                </label>
                <textarea
                  class="modal__textarea"
                  id="category-description"
                  placeholder="Optional description"
                  rows="3"
                />
              </div>
              <div
                class="modal__field"
              >
                <label
                  class="modal__label"
                  for="category-parent"
                >
                  Parent Category
                </label>
                <select
                  class="modal__select"
                  id="category-parent"
                >
                  <option
                    value=""
                  >
                    None (root level)
                  </option>
                  <option
                    value="1"
                  >
                    Root Category
                  </option>
                </select>
              </div>
              <div
                class="modal__field"
              >
                <div
                  class="visibility-toggle"
                >
                  <label
                    class="visibility-label"
                  >
                    Visibility
                  </label>
                  <div
                    class="visibility-options"
                  >
                    <button
                      class="visibility-option "
                      title="Mark as public"
                      type="button"
                    >
                      Public
                    </button>
                    <button
                      class="visibility-option selected"
                      title="Mark as private"
                      type="button"
                    >
                      Private
                    </button>
                  </div>
                  <div
                    class="visibility-effective"
                  >
                    Effective: 
                    <span
                      class="public"
                    >
                      Public
                    </span>
                  </div>
                </div>
              </div>
              <div
                class="modal__field"
              >
                <label
                  class="modal__label"
                >
                  Recommended Templates
                </label>
                <p
                  class="categoryTemplateSelector__loading"
                >
                  Loading templates...
                </p>
              </div>
              <div
                class="modal__actions"
              >
                <button
                  class="detail__btn detail__btn--primary"
                  disabled=""
                  type="submit"
                >
                  Create
                </button>
                <button
                  class="detail__btn detail__btn--secondary"
                  type="button"
                >
                  Cancel
                </button>
              </div>
            </form>
          </div>
        </dialog>
      </aside>
    </nav>
    <main
      class="app__content"
    >
      <div
        class="collection-title-bar"
      >
        <a
          class="collection-title-bar__title-link"
          data-discover="true"
          href="/collections/1"
        >
          <h1
            class="collection-title-bar__title"
          >
            Test Collection
          </h1>
        </a>
      </div>
      <article
        class="app__detail"
      >
        <nav
          class="mobileNav"
        >
          <button
            class="mobileNav__back"
            type="button"
          >
            ← 
            Back to items
          </button>
        </nav>
        <section
          class="detail"
        >
          <div
            class="detail__header"
          >
            <h2
              class="detail__title"
            >
              Test Item
            </h2>
            <div
              class="detail__headerActions"
            >
              <button
                class="detail__btn detail__btn--secondary"
                type="button"
              >
                Edit
              </button>
              <button
                class="detail__close"
                type="button"
              >
                Back to list
              </button>
            </div>
          </div>
          <p
            class="detail__description"
          >
            Test description
          </p>
          <section
            aria-label="Test Item"
            class="gallery"
          >
            <div
              class="gallery__viewport"
            >
              <img
                alt="Test image"
                class="gallery__image"
                loading="lazy"
                src="https://example.com/img.jpg"
              />
            </div>
          </section>
          <div
            class="detail__properties"
          >
            <section
              class="detail__property-group"
            >
              <h3
                class="detail__property-group-title"
              >
                General
              </h3>
              <dl
                class="detail__property-group-list"
              >
                <div
                  class="detail__property-row"
                >
                  <dt
                    class="detail__property-name"
                  >
                    Color
                  </dt>
                  <dd
                    class="detail__property-value"
                  >
                    Blue
                  </dd>
                </div>
              </dl>
            </section>
          </div>
        </section>
      </article>
      <dialog
        class="modal-dialog"
      >
        <div
          class="modal bulk-update-modal"
        >
          <div
            class="modal__header"
          >
            <h3
              class="modal__title"
            >
              Apply Property Changes
            </h3>
            <button
              class="modal__close"
              type="button"
            >
              ×
            </button>
          </div>
          <div
            class="modal__body"
          >
            <p
              class="modal__info"
            >
              Apply these property changes to other existing items?
            </p>
            <div
              class="bulk-update-modal__scopes"
            />
            <div
              class="modal__actions"
            >
              <button
                class="modal__button modal__button--primary"
                type="button"
              >
                Apply
              </button>
              <button
                class="modal__button modal__button--secondary"
                type="button"
              >
                Skip
              </button>
            </div>
          </div>
        </div>
      </dialog>
    </main>
  </div>
</div>
`;
